---
source: crates/weft-snapshots/tests/snapshots.rs
description: example-stack as react-tsx
---
export type WeftEvent = { id: string; action: string; item?: string };

export type WeftProps = {
  data?: any;
  actions?: Record<string, (event: WeftEvent) => void>;
  onChange?: (path: string, value: unknown) => void;
};

function _act(actions: WeftProps["actions"], event: WeftEvent): void {
  if (typeof actions !== "object" || actions === null || !Object.hasOwn(actions, event.action)) return;
  const fn = actions[event.action];
  if (typeof fn === "function") fn(event);
}

export default function WeftScreen({ data, actions, onChange }: WeftProps) {
  return (
    <main data-weft-id="root" aria-label="Actions">
      <div data-weft-id="actions" style={{ gap: "var(--weft-space-md)", display: "flex", flexDirection: "row", alignItems: "center" }}>
        <button data-weft-id="save" type="button" data-variant="primary" onClick={(_e) => _act(actions, { id: "save", action: "doc.save" })}>Save</button>
        <button data-weft-id="discard" type="button" onClick={(_e) => _act(actions, { id: "discard", action: "doc.discard" })}>Discard</button>
      </div>
    </main>
  );
}
