---
source: crates/weft-snapshots/tests/snapshots.rs
description: example-menu-item as react-jsx
---
import { Fragment } from "react";

function _text(v) {
  if (typeof v === "string") return v;
  if (typeof v === "number") return Number.isFinite(v) ? String(v) : "";
  if (typeof v === "boolean") return String(v);
  return "";
}

function _on(v) {
  return v === "false" ? false : Boolean(v);
}

function _squash(v) {
  return v.trim().replace(/\s+/g, " ");
}

function _list(v) {
  return Array.isArray(v) ? v : [];
}

function _act(actions, event) {
  if (typeof actions !== "object" || actions === null || !Object.hasOwn(actions, event.action)) return;
  const fn = actions[event.action];
  if (typeof fn === "function") fn(event);
}

export default function WeftScreen({ data, actions, onChange }) {
  return (
    <main data-weft-id="root" aria-label="Document">
      <div data-weft-id="actions" aria-label="Document actions" role="menu">
        {_list(data?.actions).map((action, _i0) => (
          <Fragment key={_i0}>
            <button data-weft-id={"action-item[" + _i0 + "]"} type="button" role="menuitem" disabled={!_on(action?.enabled)} onClick={() => _act(actions, { id: "action-item[" + _i0 + "]", action: "doc.run", item: "$.actions." + _i0 })}>
              {!(_text(action?.label).trim() === "") ? _squash(_text(action?.label)) : ""}
            </button>
          </Fragment>
        ))}
      </div>
    </main>
  );
}
