---
source: crates/weft-snapshots/tests/interop.rs
description: corpus-layout as a2ui-losses
---
Props /screen#layout/stack#toolbar/field#search: type search has no A2UI form; a plain text field stands in
Tokens /screen#layout/stack#toolbar: gap: design tokens have no A2UI form
Tokens /screen#layout/stack#pager: gap: design tokens have no A2UI form
Tokens /screen#layout/stack#actions: gap: design tokens have no A2UI form
